[0615/180308.580:WARNING:components\leveldb_proto\internal\leveldb_database.cc:124] Unable to open C:\Users\Deepali_Londhe\Desktop\New Tracking URL\ccpa-browser-profile\Default\shared_proto_db\metadata: IO error: C:\Users\Deepali_Londhe\Desktop\New Tracking URL\ccpa-browser-profile\Default\shared_proto_db\metadata/MANIFEST-000001: Unable to create sequential file (ChromeMethodBFE: 7::NewSequentialFile::1)
[0615/180308.583:WARNING:components\leveldb_proto\internal\leveldb_database.cc:124] Unable to open C:\Users\Deepali_Londhe\Desktop\New Tracking URL\ccpa-browser-profile\Default\shared_proto_db\metadata: IO error: C:\Users\Deepali_Londhe\Desktop\New Tracking URL\ccpa-browser-profile\Default\shared_proto_db\metadata/MANIFEST-000001: Unable to create sequential file (ChromeMethodBFE: 7::NewSequentialFile::1)
[0615/180308.586:WARNING:components\leveldb_proto\internal\leveldb_database.cc:124] Unable to open C:\Users\Deepali_Londhe\Desktop\New Tracking URL\ccpa-browser-profile\Default\shared_proto_db\metadata: IO error: C:\Users\Deepali_Londhe\Desktop\New Tracking URL\ccpa-browser-profile\Default\shared_proto_db\metadata/MANIFEST-000001: Unable to create sequential file (ChromeMethodBFE: 7::NewSequentialFile::1)
[0615/180308.589:WARNING:components\leveldb_proto\internal\leveldb_database.cc:124] Unable to open C:\Users\Deepali_Londhe\Desktop\New Tracking URL\ccpa-browser-profile\Default\shared_proto_db\metadata: IO error: C:\Users\Deepali_Londhe\Desktop\New Tracking URL\ccpa-browser-profile\Default\shared_proto_db\metadata/MANIFEST-000001: Unable to create sequential file (ChromeMethodBFE: 7::NewSequentialFile::1)
[0615/180313.465:INFO:CONSOLE:28] "✅ Updated input tax_debt = 100000", source:  (28)
[0615/180313.510:INFO:CONSOLE:2] "true", source: https://d2o7mpkastex00.cloudfront.net/ft/js/main-min.js (2)
[0615/180313.511:INFO:CONSOLE:3] "step-2", source: https://d2o7mpkastex00.cloudfront.net/ft/js/main-min.js (3)
[0615/180313.511:INFO:CONSOLE:3] "[object HTMLButtonElement]", source: https://d2o7mpkastex00.cloudfront.net/ft/js/main-min.js (3)
[0615/180314.909:INFO:CONSOLE:332] "counter: 1", source: https://widget.callerready.com/include/scripts/cr_ringpool_2_0.js (332)
[0615/180314.944:INFO:CONSOLE:1] "V2: Saving computed styles", source: https://create.lidstatic.com/campaign/655ad47e-c37d-3c67-256d-00fbe29443a2.js?snippet_version=2 (1)
[0615/180315.176:INFO:CONSOLE:2] "true", source: https://d2o7mpkastex00.cloudfront.net/ft/js/main-min.js (2)
[0615/180315.176:INFO:CONSOLE:3] "step-2-1", source: https://d2o7mpkastex00.cloudfront.net/ft/js/main-min.js (3)
[0615/180315.176:INFO:CONSOLE:3] "[object HTMLButtonElement]", source: https://d2o7mpkastex00.cloudfront.net/ft/js/main-min.js (3)
[0615/180315.176:INFO:CONSOLE:3] "undefined", source: https://d2o7mpkastex00.cloudfront.net/ft/js/main-min.js (3)
[0615/180315.891:INFO:CONSOLE:1] "V2: Saving computed styles", source: https://create.lidstatic.com/campaign/655ad47e-c37d-3c67-256d-00fbe29443a2.js?snippet_version=2 (1)
[0615/180316.912:INFO:CONSOLE:332] "counter: 2", source: https://widget.callerready.com/include/scripts/cr_ringpool_2_0.js (332)
[0615/180317.283:INFO:CONSOLE:2] "true", source: https://d2o7mpkastex00.cloudfront.net/ft/js/main-min.js (2)
[0615/180317.283:INFO:CONSOLE:3] "step-3", source: https://d2o7mpkastex00.cloudfront.net/ft/js/main-min.js (3)
[0615/180317.283:INFO:CONSOLE:3] "[object HTMLButtonElement]", source: https://d2o7mpkastex00.cloudfront.net/ft/js/main-min.js (3)
[0615/180317.788:INFO:CONSOLE:1] "V2: Saving computed styles", source: https://create.lidstatic.com/campaign/655ad47e-c37d-3c67-256d-00fbe29443a2.js?snippet_version=2 (1)
[0615/180318.925:INFO:CONSOLE:332] "counter: 3", source: https://widget.callerready.com/include/scripts/cr_ringpool_2_0.js (332)
[0615/180319.347:INFO:CONSOLE:28] "✅ Updated input tax_debt = 100000", source:  (28)
[0615/180320.018:INFO:CONSOLE:1] "V2: Saving computed styles", source: https://create.lidstatic.com/campaign/655ad47e-c37d-3c67-256d-00fbe29443a2.js?snippet_version=2 (1)
[0615/180320.784:INFO:CONSOLE:1] "V2: Saving computed styles", source: https://create.lidstatic.com/campaign/655ad47e-c37d-3c67-256d-00fbe29443a2.js?snippet_version=2 (1)
[0615/180320.926:INFO:CONSOLE:332] "counter: 4", source: https://widget.callerready.com/include/scripts/cr_ringpool_2_0.js (332)
[0615/180321.779:INFO:CONSOLE:1] "V2: Saving computed styles", source: https://create.lidstatic.com/campaign/655ad47e-c37d-3c67-256d-00fbe29443a2.js?snippet_version=2 (1)
[0615/180322.927:INFO:CONSOLE:332] "counter: 5", source: https://widget.callerready.com/include/scripts/cr_ringpool_2_0.js (332)
[0615/180323.316:INFO:CONSOLE:1] "V2: Saving computed styles", source: https://create.lidstatic.com/campaign/655ad47e-c37d-3c67-256d-00fbe29443a2.js?snippet_version=2 (1)
[0615/180323.635:INFO:CONSOLE:1233] " - Stored! ", source: https://www.1800freshtax.com/v6/?reqid=26895340&affid=659&a=659&cpAFID=659&cpSID=&s1=&cpSID2= (1233)
[0615/180323.999:INFO:CONSOLE:1] "V2: Saving computed styles", source: https://create.lidstatic.com/campaign/655ad47e-c37d-3c67-256d-00fbe29443a2.js?snippet_version=2 (1)
[0615/180324.062:INFO:CONSOLE:1233] " - Updated! ", source: https://www.1800freshtax.com/v6/?reqid=26895340&affid=659&a=659&cpAFID=659&cpSID=&s1=&cpSID2= (1233)
[0615/180324.932:INFO:CONSOLE:332] "counter: 6", source: https://widget.callerready.com/include/scripts/cr_ringpool_2_0.js (332)
[0615/180327.850:INFO:CONSOLE:184] "[Meta Pixel] - Multiple pixels with conflicting versions were detected on this page.", source: https://connect.facebook.net/en_US/fbevents.js (184)
