===================================================== 
SCHEDULER STARTED AT: 15-05-2026 13:00:02.52 
===================================================== 
Cleaning up existing browser processes... 
Running Playwright batch scheduler... 
◇ injected env (17) from .env // tip: ◈ secrets for agents [www.dotenvx.com]
◇ injected env (0) from .env // tip: ⌘ multiple files { path: ['.env.local', '.env'] }

🤖 ================================================================
🤖 STARTING LEADS AUTOMATION BATCH RUN [15/5/2026, 1:00:03 pm]
🤖 Interval configured: every 3 hours
🤖 ================================================================

🤖 [FLM Agent] Starting Global URL Health Verification...
🤖 [FLM Agent] Pre-flight check: Verifying health for FTD-X...
🔴 [FLM Agent] FTD-X is DOWN: timeout of 10000ms exceeded
🤖 [FLM Agent] Pre-flight check: Verifying health for FSI-PPC2...
✅ [FLM Agent] FSI-PPC2 URL is healthy.
🤖 [FLM Agent] Pre-flight check: Verifying health for TRA-CPL...
✅ [FLM Agent] TRA-CPL URL is healthy.
🤖 [FLM Agent] Pre-flight check: Verifying health for TRA-D3...
✅ [FLM Agent] TRA-D3 URL is healthy.
🤖 [FLM Agent] Pre-flight check: Verifying health for PPC-ST...
✅ [FLM Agent] PPC-ST URL is healthy.
🤖 [FLM Agent] Pre-flight check: Verifying health for PPC-ST2...
✅ [FLM Agent] PPC-ST2 URL is healthy.
🤖 [FLM Agent] Pre-flight check: Verifying health for PPC-M-CA...
✅ [FLM Agent] PPC-M-CA URL is healthy.
🤖 [FLM Agent] Pre-flight check: Verifying health for PPC CR...
===================================================== 
SCHEDULER FINISHED AT: 15-05-2026 13:00:38.12 
===================================================== 
